COVERGROUP COVERAGE:
-----------------------------------------------------------------------------------------------
Covergroup                                             Metric       Goal    Status               
                                                                                              
-----------------------------------------------------------------------------------------------
 TYPE /tb_sv_unit/cg_FSM                                39.5%        100    Uncovered            
    covered/total bins:                                     7         24                      
    missing/total bins:                                    17         24                      
    % Hit:                                              29.1%        100                      
    Coverpoint cg_FSM::cp_ps                            50.0%        100    Uncovered            
        covered/total bins:                                 2          4                      
        missing/total bins:                                 2          4                      
        % Hit:                                          50.0%        100                      
    Coverpoint cg_FSM::cp_ns                            50.0%        100    Uncovered            
        covered/total bins:                                 2          4                      
        missing/total bins:                                 2          4                      
        % Hit:                                          50.0%        100                      
    Cross cg_FSM::cp_both                               18.7%        100    Uncovered            
        covered/total bins:                                 3         16                      
        missing/total bins:                                13         16                      
        % Hit:                                          18.7%        100                      
 Covergroup instance \/tb/cg_FSM0                       39.5%        100    Uncovered            
    covered/total bins:                                     7         24                      
    missing/total bins:                                    17         24                      
    % Hit:                                              29.1%        100                      
    Coverpoint cp_ps                                    50.0%        100    Uncovered            
        covered/total bins:                                 2          4                      
        missing/total bins:                                 2          4                      
        % Hit:                                          50.0%        100                      
        bin auto[TEST]                                      2          1    Covered              
        bin auto[SWAP]                                      0          1    ZERO                 
        bin auto[SUBT]                                      0          1    ZERO                 
        bin auto[DONE]                                     10          1    Covered              
    Coverpoint cp_ns                                    50.0%        100    Uncovered            
        covered/total bins:                                 2          4                      
        missing/total bins:                                 2          4                      
        % Hit:                                          50.0%        100                      
        bin auto[TEST]                                      2          1    Covered              
        bin auto[SWAP]                                      0          1    ZERO                 
        bin auto[SUBT]                                      0          1    ZERO                 
        bin auto[DONE]                                     10          1    Covered              
    Cross cp_both                                       18.7%        100    Uncovered            
        covered/total bins:                                 3         16                      
        missing/total bins:                                13         16                      
        % Hit:                                          18.7%        100                      
        bin <auto[DONE],auto[TEST]>                         2          1    Covered              
        bin <auto[TEST],auto[DONE]>                         2          1    Covered              
        bin <auto[DONE],auto[DONE]>                         8          1    Covered              
        bin <auto[TEST],auto[TEST]>                         0          1    ZERO                 
        bin <auto[SWAP],auto[TEST]>                         0          1    ZERO                 
        bin <auto[SUBT],auto[TEST]>                         0          1    ZERO                 
        bin <auto[TEST],auto[SWAP]>                         0          1    ZERO                 
        bin <auto[SWAP],auto[SWAP]>                         0          1    ZERO                 
        bin <auto[SUBT],auto[SWAP]>                         0          1    ZERO                 
        bin <auto[DONE],auto[SWAP]>                         0          1    ZERO                 
        bin <auto[TEST],auto[SUBT]>                         0          1    ZERO                 
        bin <auto[SWAP],auto[SUBT]>                         0          1    ZERO                 
        bin <auto[SUBT],auto[SUBT]>                         0          1    ZERO                 
        bin <auto[DONE],auto[SUBT]>                         0          1    ZERO                 
        bin <auto[SWAP],auto[DONE]>                         0          1    ZERO                 
        bin <auto[SUBT],auto[DONE]>                         0          1    ZERO                 
 TYPE /tb_sv_unit/cg_out                                25.0%        100    Uncovered            
    covered/total bins:                                     1          4                      
    missing/total bins:                                     3          4                      
    % Hit:                                              25.0%        100                      
    Coverpoint cg_out::cp_result                        25.0%        100    Uncovered            
        covered/total bins:                                 1          4                      
        missing/total bins:                                 3          4                      
        % Hit:                                          25.0%        100                      
 Covergroup instance \/tb/cg_out0                       25.0%        100    Uncovered            
    covered/total bins:                                     1          4                      
    missing/total bins:                                     3          4                      
    % Hit:                                              25.0%        100                      
    Coverpoint cp_result                                25.0%        100    Uncovered            
        covered/total bins:                                 1          4                      
        missing/total bins:                                 3          4                      
        % Hit:                                          25.0%        100                      
        bin rang1                                          12          1    Covered              
        bin rang2                                           0          1    ZERO                 
        bin rang3                                           0          1    ZERO                 
        bin rang4                                           0          1    ZERO                 
 TYPE /tb_sv_unit/cg_FSMtrans                           50.0%        100    Uncovered            
    covered/total bins:                                     2          4                      
    missing/total bins:                                     2          4                      
    % Hit:                                              50.0%        100                      
    Coverpoint cg_FSMtrans::cp_trans                    50.0%        100    Uncovered            
        covered/total bins:                                 2          4                      
        missing/total bins:                                 2          4                      
        % Hit:                                          50.0%        100                      
 Covergroup instance \/tb/cg_FSMtrans0                  50.0%        100    Uncovered            
    covered/total bins:                                     2          4                      
    missing/total bins:                                     2          4                      
    % Hit:                                              50.0%        100                      
    Coverpoint cp_trans                                 50.0%        100    Uncovered            
        covered/total bins:                                 2          4                      
        missing/total bins:                                 2          4                      
        % Hit:                                          50.0%        100                      
        illegal_bin bad_trans                               0               ZERO                 
        bin auto[TEST]                                      2          1    Covered              
        bin auto[SWAP]                                      0          1    ZERO                 
        bin auto[SUBT]                                      0          1    ZERO                 
        bin auto[DONE]                                     10          1    Covered              

TOTAL COVERGROUP COVERAGE: 38.1%  COVERGROUP TYPES: 3
